// Jest Snapshot v1, https://goo.gl/fbAQLP

exports[`@/pages/cards @/pages/cards/winner.js Render as a Pending 1`] = `<DocumentFragment />`;
